[2026-07-09 21:41:35] ACTION: Forced Refresh
  - Saved At: 2026-07-09 21:41:35
  - Expires At: N/A
  - Expires In: unknown seconds
  - Access Token (suffix): ...vEeY0BXYev6w
  - Scope: unknown
  - Token Type: Bearer
------------------------------------------------------------
[2026-07-09 21:41:46] ACTION: CLI Manual Refresh
  - Saved At: 2026-07-09 21:41:46
  - Expires At: N/A
  - Expires In: unknown seconds
  - Access Token (suffix): ...KoLkBdgz-Ajw
  - Scope: unknown
  - Token Type: Bearer
------------------------------------------------------------
[2026-07-09 21:41:47] ACTION: Forced Refresh
  - Saved At: 2026-07-09 21:41:47
  - Expires At: N/A
  - Expires In: unknown seconds
  - Access Token (suffix): ...HBDjusKA44Ag
  - Scope: unknown
  - Token Type: Bearer
------------------------------------------------------------
[2026-07-09 21:45:12] ACTION: Silent Auto-Refresh
  - Saved At: 2026-07-09 21:45:12
  - Expires At: N/A
  - Expires In: unknown seconds
  - Access Token (suffix): ...KaYbEClcN9Iw
  - Scope: unknown
  - Token Type: Bearer
------------------------------------------------------------
[2026-07-09 21:46:02] ACTION: Silent Auto-Refresh
  - Saved At: 2026-07-09 21:46:02
  - Expires At: N/A
  - Expires In: unknown seconds
  - Access Token (suffix): ...sb3TSsUXe9BQ
  - Scope: unknown
  - Token Type: Bearer
------------------------------------------------------------
[2026-07-09 21:47:31] ACTION: Silent Auto-Refresh
  - Saved At: 2026-07-09 21:47:31
  - Expires At: N/A
  - Expires In: unknown seconds
  - Access Token (suffix): ...IWDdaZc2NJ_A
  - Scope: unknown
  - Token Type: Bearer
------------------------------------------------------------
[2026-07-09 21:48:56] ACTION: Silent Auto-Refresh
  - Saved At: 2026-07-09 21:48:56
  - Expires At: N/A
  - Expires In: unknown seconds
  - Access Token (suffix): ...bBcEVu5ipQng
  - Scope: unknown
  - Token Type: Bearer
------------------------------------------------------------
[2026-07-09 21:50:15] ACTION: Silent Auto-Refresh
  - Saved At: 2026-07-09 21:50:15
  - Expires At: N/A
  - Expires In: unknown seconds
  - Access Token (suffix): ...qSualziBVjsQ
  - Scope: unknown
  - Token Type: Bearer
------------------------------------------------------------
[2026-07-09 21:51:32] ACTION: Silent Auto-Refresh
  - Saved At: 2026-07-09 21:51:32
  - Expires At: N/A
  - Expires In: unknown seconds
  - Access Token (suffix): ...pIWqGhs-MGew
  - Scope: unknown
  - Token Type: Bearer
------------------------------------------------------------
[2026-07-09 21:51:36] ACTION: Silent Auto-Refresh
  - Saved At: 2026-07-09 21:51:36
  - Expires At: N/A
  - Expires In: unknown seconds
  - Access Token (suffix): ...fdWgzpBzo63Q
  - Scope: unknown
  - Token Type: Bearer
------------------------------------------------------------
[2026-07-09 21:57:27] ACTION: Forced Refresh
  - Saved At: 2026-07-09 21:57:27
  - Expires At: 2026-07-10 01:57:27
  - Expires In: 14399 seconds
  - Access Token (suffix): ...YYTe0tREkw-Q
  - Scope: unknown
  - Token Type: Bearer
------------------------------------------------------------
[2026-07-09 21:58:06] ACTION: CLI Manual Refresh
  - Saved At: 2026-07-09 21:58:06
  - Expires At: 2026-07-10 01:58:06
  - Expires In: 14399 seconds
  - Access Token (suffix): ...jpezSTrr9JMQ
  - Scope: unknown
  - Token Type: Bearer
------------------------------------------------------------
[2026-07-09 22:33:32] ACTION: Forced Refresh
  - Saved At: 2026-07-09 22:33:32
  - Expires At: 2026-07-10 02:33:32
  - Expires In: 14399 seconds
  - Access Token (suffix): ...PwDOAbiVFdKA
  - Scope: unknown
  - Token Type: Bearer
------------------------------------------------------------
[2026-07-09 23:03:34] ACTION: Forced Refresh
  - Saved At: 2026-07-09 23:03:34
  - Expires At: 2026-07-10 03:03:34
  - Expires In: 14399 seconds
  - Access Token (suffix): ...RyZar2GjqVhA
  - Scope: unknown
  - Token Type: Bearer
------------------------------------------------------------
[2026-07-09 23:41:22] ACTION: Forced Refresh
  - Saved At: 2026-07-09 23:41:22
  - Expires At: 2026-07-10 03:41:22
  - Expires In: 14399 seconds
  - Access Token (suffix): ...baj0znB8yYXQ
  - Scope: unknown
  - Token Type: Bearer
------------------------------------------------------------
[2026-07-10 00:18:41] ACTION: Forced Refresh
  - Saved At: 2026-07-10 00:18:41
  - Expires At: 2026-07-10 04:18:41
  - Expires In: 14399 seconds
  - Access Token (suffix): ...Ow0imsHINEXw
  - Scope: unknown
  - Token Type: Bearer
------------------------------------------------------------
[2026-07-10 02:07:38] ACTION: Forced Refresh
  - Saved At: 2026-07-10 02:07:38
  - Expires At: 2026-07-10 06:07:38
  - Expires In: 14399 seconds
  - Access Token (suffix): ...-75cxMewNU6Q
  - Scope: unknown
  - Token Type: Bearer
------------------------------------------------------------
[2026-07-10 02:19:48] ACTION: Forced Refresh
  - Saved At: 2026-07-10 02:19:48
  - Expires At: 2026-07-10 06:19:48
  - Expires In: 14399 seconds
  - Access Token (suffix): ...GRyVcbMPllAg
  - Scope: unknown
  - Token Type: Bearer
------------------------------------------------------------
[2026-07-10 02:24:43] ACTION: Forced Refresh
  - Saved At: 2026-07-10 02:24:43
  - Expires At: 2026-07-10 06:24:43
  - Expires In: 14399 seconds
  - Access Token (suffix): ...tQLhLO-Gj4pw
  - Scope: unknown
  - Token Type: Bearer
------------------------------------------------------------
[2026-07-10 02:29:13] ACTION: Forced Refresh
  - Saved At: 2026-07-10 02:29:13
  - Expires At: 2026-07-10 06:29:13
  - Expires In: 14399 seconds
  - Access Token (suffix): ..._aqnKeJc1I8A
  - Scope: unknown
  - Token Type: Bearer
------------------------------------------------------------
[2026-07-10 02:29:26] ACTION: Forced Refresh
  - Saved At: 2026-07-10 02:29:26
  - Expires At: 2026-07-10 06:29:26
  - Expires In: 14399 seconds
  - Access Token (suffix): ...iDqPfyg0B_Ww
  - Scope: unknown
  - Token Type: Bearer
------------------------------------------------------------
[2026-07-10 02:29:38] ACTION: Forced Refresh
  - Saved At: 2026-07-10 02:29:38
  - Expires At: 2026-07-10 06:29:38
  - Expires In: 14399 seconds
  - Access Token (suffix): ...Dv9mbcz92w7Q
  - Scope: unknown
  - Token Type: Bearer
------------------------------------------------------------
[2026-07-10 02:40:51] ACTION: Forced Refresh
  - Saved At: 2026-07-10 02:40:51
  - Expires At: 2026-07-10 06:40:51
  - Expires In: 14399 seconds
  - Access Token (suffix): ...vXK4R9ogdEVQ
  - Scope: unknown
  - Token Type: Bearer
------------------------------------------------------------
[2026-07-10 02:41:04] ACTION: Forced Refresh
  - Saved At: 2026-07-10 02:41:04
  - Expires At: 2026-07-10 06:41:04
  - Expires In: 14399 seconds
  - Access Token (suffix): ...yjdbpTL6LG3g
  - Scope: unknown
  - Token Type: Bearer
------------------------------------------------------------
[2026-07-10 02:43:32] ACTION: Forced Refresh
  - Saved At: 2026-07-10 02:43:32
  - Expires At: 2026-07-10 06:43:32
  - Expires In: 14399 seconds
  - Access Token (suffix): ...kFepktdwNm0Q
  - Scope: unknown
  - Token Type: Bearer
------------------------------------------------------------
[2026-07-10 02:44:33] ACTION: Forced Refresh
  - Saved At: 2026-07-10 02:44:33
  - Expires At: 2026-07-10 06:44:33
  - Expires In: 14399 seconds
  - Access Token (suffix): ...vTu2fJgZWfDQ
  - Scope: unknown
  - Token Type: Bearer
------------------------------------------------------------
[2026-07-10 02:45:21] ACTION: Forced Refresh
  - Saved At: 2026-07-10 02:45:21
  - Expires At: 2026-07-10 06:45:21
  - Expires In: 14399 seconds
  - Access Token (suffix): ...ceR5t-gwYpOw
  - Scope: unknown
  - Token Type: Bearer
------------------------------------------------------------
[2026-07-10 02:54:45] ACTION: Forced Refresh
  - Saved At: 2026-07-10 02:54:45
  - Expires At: 2026-07-10 06:54:45
  - Expires In: 14399 seconds
  - Access Token (suffix): ...9rG1CmU4ilBA
  - Scope: unknown
  - Token Type: Bearer
------------------------------------------------------------
[2026-07-10 03:15:22] ACTION: Forced Refresh
  - Saved At: 2026-07-10 03:15:22
  - Expires At: 2026-07-10 07:15:22
  - Expires In: 14399 seconds
  - Access Token (suffix): ...uoM5C9VEj_9A
  - Scope: unknown
  - Token Type: Bearer
------------------------------------------------------------
[2026-07-10 03:24:46] ACTION: Forced Refresh
  - Saved At: 2026-07-10 03:24:46
  - Expires At: 2026-07-10 07:24:46
  - Expires In: 14399 seconds
  - Access Token (suffix): ...OwMvaZJyd7wA
  - Scope: unknown
  - Token Type: Bearer
------------------------------------------------------------
[2026-07-10 03:25:27] ACTION: Forced Refresh
  - Saved At: 2026-07-10 03:25:27
  - Expires At: 2026-07-10 07:25:27
  - Expires In: 14399 seconds
  - Access Token (suffix): ...8aZ4Dl9cR38g
  - Scope: unknown
  - Token Type: Bearer
------------------------------------------------------------
[2026-07-10 12:08:44] ACTION: Forced Refresh
  - Saved At: 2026-07-10 12:08:44
  - Expires At: 2026-07-10 16:08:44
  - Expires In: 14399 seconds
  - Access Token (suffix): ...9D89-e__V_8g
  - Scope: unknown
  - Token Type: Bearer
------------------------------------------------------------
[2026-07-10 12:38:46] ACTION: Forced Refresh
  - Saved At: 2026-07-10 12:38:46
  - Expires At: 2026-07-10 16:38:46
  - Expires In: 14399 seconds
  - Access Token (suffix): ...mKaLktJjqICg
  - Scope: unknown
  - Token Type: Bearer
------------------------------------------------------------
[2026-07-10 13:08:48] ACTION: Forced Refresh
  - Saved At: 2026-07-10 13:08:48
  - Expires At: 2026-07-10 17:08:48
  - Expires In: 14399 seconds
  - Access Token (suffix): ...S0Cz9iauXg0Q
  - Scope: unknown
  - Token Type: Bearer
------------------------------------------------------------
[2026-07-10 13:38:50] ACTION: Forced Refresh
  - Saved At: 2026-07-10 13:38:50
  - Expires At: 2026-07-10 17:38:50
  - Expires In: 14399 seconds
  - Access Token (suffix): ...MEgFW_6fC5_g
  - Scope: unknown
  - Token Type: Bearer
------------------------------------------------------------
[2026-07-10 14:08:52] ACTION: Forced Refresh
  - Saved At: 2026-07-10 14:08:52
  - Expires At: 2026-07-10 18:08:52
  - Expires In: 14399 seconds
  - Access Token (suffix): ..._HhmqbXnmgUw
  - Scope: unknown
  - Token Type: Bearer
------------------------------------------------------------
[2026-07-10 14:38:54] ACTION: Forced Refresh
  - Saved At: 2026-07-10 14:38:54
  - Expires At: 2026-07-10 18:38:54
  - Expires In: 14399 seconds
  - Access Token (suffix): ...ccCO3HIStx0g
  - Scope: unknown
  - Token Type: Bearer
------------------------------------------------------------
[2026-07-10 15:08:56] ACTION: Forced Refresh
  - Saved At: 2026-07-10 15:08:56
  - Expires At: 2026-07-10 19:08:56
  - Expires In: 14399 seconds
  - Access Token (suffix): ...5P0UlzeC6Gmw
  - Scope: unknown
  - Token Type: Bearer
------------------------------------------------------------
[2026-07-10 15:38:59] ACTION: Forced Refresh
  - Saved At: 2026-07-10 15:38:58
  - Expires At: 2026-07-10 19:38:58
  - Expires In: 14399 seconds
  - Access Token (suffix): ...1JBBt7vSh_Sw
  - Scope: unknown
  - Token Type: Bearer
------------------------------------------------------------
[2026-07-10 16:09:01] ACTION: Forced Refresh
  - Saved At: 2026-07-10 16:09:01
  - Expires At: 2026-07-10 20:09:01
  - Expires In: 14399 seconds
  - Access Token (suffix): ...aiczU7c3SV9w
  - Scope: unknown
  - Token Type: Bearer
------------------------------------------------------------
[2026-07-10 18:56:44] ACTION: Forced Refresh
  - Saved At: 2026-07-10 18:56:44
  - Expires At: 2026-07-10 22:56:44
  - Expires In: 14399 seconds
  - Access Token (suffix): ...P9I4N4918xOg
  - Scope: unknown
  - Token Type: Bearer
------------------------------------------------------------
[2026-07-10 19:26:46] ACTION: Forced Refresh
  - Saved At: 2026-07-10 19:26:46
  - Expires At: 2026-07-10 23:26:46
  - Expires In: 14399 seconds
  - Access Token (suffix): ...Gq_90fUzC_AQ
  - Scope: unknown
  - Token Type: Bearer
------------------------------------------------------------
[2026-07-10 19:56:47] ACTION: Forced Refresh
  - Saved At: 2026-07-10 19:56:47
  - Expires At: 2026-07-10 23:56:47
  - Expires In: 14399 seconds
  - Access Token (suffix): ...BWpbmGjYfvBg
  - Scope: unknown
  - Token Type: Bearer
------------------------------------------------------------
[2026-07-10 19:57:56] ACTION: Forced Refresh
  - Saved At: 2026-07-10 19:57:56
  - Expires At: 2026-07-10 23:57:56
  - Expires In: 14399 seconds
  - Access Token (suffix): ...TD0qOgF-ZedA
  - Scope: unknown
  - Token Type: Bearer
------------------------------------------------------------
[2026-07-10 20:27:58] ACTION: Forced Refresh
  - Saved At: 2026-07-10 20:27:58
  - Expires At: 2026-07-11 00:27:58
  - Expires In: 14399 seconds
  - Access Token (suffix): ...2b8Vd0zG_9rQ
  - Scope: unknown
  - Token Type: Bearer
------------------------------------------------------------
[2026-07-10 21:02:22] ACTION: Forced Refresh
  - Saved At: 2026-07-10 21:02:22
  - Expires At: 2026-07-11 01:02:22
  - Expires In: 14399 seconds
  - Access Token (suffix): ...dqZtYZCPiNXA
  - Scope: unknown
  - Token Type: Bearer
------------------------------------------------------------
[2026-07-15 00:19:18] ACTION: Forced Refresh
  - Saved At: 2026-07-15 00:19:18
  - Expires At: 2026-07-15 04:19:18
  - Expires In: 14399 seconds
  - Access Token (suffix): ...MCl0hb5DHpaA
  - Scope: unknown
  - Token Type: Bearer
------------------------------------------------------------
[2026-07-15 00:26:41] ACTION: Forced Refresh
  - Saved At: 2026-07-15 00:26:41
  - Expires At: 2026-07-15 04:26:40
  - Expires In: 14398 seconds
  - Access Token (suffix): ...lQn3WaaQ_3XA
  - Scope: unknown
  - Token Type: Bearer
------------------------------------------------------------
[2026-07-15 00:26:52] ACTION: Forced Refresh
  - Saved At: 2026-07-15 00:26:52
  - Expires At: 2026-07-15 04:26:52
  - Expires In: 14399 seconds
  - Access Token (suffix): ...fmryOJKXFXVw
  - Scope: unknown
  - Token Type: Bearer
------------------------------------------------------------
[2026-07-15 00:34:34] ACTION: Forced Refresh
  - Saved At: 2026-07-15 00:34:34
  - Expires At: 2026-07-15 04:34:34
  - Expires In: 14399 seconds
  - Access Token (suffix): ...-rKBTElmt6wg
  - Scope: unknown
  - Token Type: Bearer
------------------------------------------------------------
[2026-07-15 00:39:25] ACTION: Forced Refresh
  - Saved At: 2026-07-15 00:39:25
  - Expires At: 2026-07-15 04:39:25
  - Expires In: 14399 seconds
  - Access Token (suffix): ...-9ttCxK_mblA
  - Scope: unknown
  - Token Type: Bearer
------------------------------------------------------------
[2026-07-15 00:47:08] ACTION: Forced Refresh
  - Saved At: 2026-07-15 00:47:08
  - Expires At: 2026-07-15 04:47:07
  - Expires In: 14398 seconds
  - Access Token (suffix): ...zSD3DBv7mvfQ
  - Scope: unknown
  - Token Type: Bearer
------------------------------------------------------------
[2026-07-15 01:04:32] ACTION: Forced Refresh
  - Saved At: 2026-07-15 01:04:32
  - Expires At: 2026-07-15 05:04:32
  - Expires In: 14399 seconds
  - Access Token (suffix): ...YB5BbSsFh12w
  - Scope: unknown
  - Token Type: Bearer
------------------------------------------------------------
[2026-07-15 01:08:10] ACTION: Forced Refresh
  - Saved At: 2026-07-15 01:08:10
  - Expires At: 2026-07-15 05:08:10
  - Expires In: 14399 seconds
  - Access Token (suffix): ...cm2JxeTL-alQ
  - Scope: unknown
  - Token Type: Bearer
------------------------------------------------------------
